// Jest Snapshot v1, https://goo.gl/fbAQLP

exports[`Header should render and match snapshot 1`] = `
<div>
  <header
    class="header"
  >
    <div
      class="container"
    >
      <h1
        class="caption"
      >
        Spielesammlung
      </h1>
      <p
        class="description"
      >
        Wir listen hier all unsere Spiele auf - zum Teilen, Ausleihen oder gemeinsam Spielen
      </p>
      Search
    </div>
  </header>
</div>
`;
