// Jest Snapshot v1, https://goo.gl/fbAQLP

exports[`Marker should render active 1`] = `
<div>
  <button
    class="a b c d"
    data-testid="bookmark-toggle"
    type="button"
  >
    ❤️
  </button>
</div>
`;

exports[`Marker should render inactive 1`] = `
<div>
  <button
    class="a b c d"
    data-testid="bookmark-toggle"
    type="button"
  >
    🤍
  </button>
</div>
`;
