// Jest Snapshot v1, https://goo.gl/fbAQLP

exports[`Search should render and match snapshot 1`] = `
<div>
  <form
    class="container"
  >
    <input
      class="input"
      placeholder="Spiel suchen..."
      type="text"
      value=""
    />
    <button
      data-checked="true"
      type="button"
    >
      Suchen
    </button>
  </form>
</div>
`;
